// Jest Snapshot v1, https://goo.gl/fbAQLP

exports[`Classifier 1`] = `145`;
